/blog/2018/11/05/ramda-find-duplicates-in-an-array /blog/2018/11/05/ramda-find-duplicates-in-an-array-of-objects;
/2018/11/05/ramda-find-duplicates-in-an-array.html /blog/2018/11/05/ramda-find-duplicates-in-an-array-of-objects;
/blog/2018/11/05/ramda-find-duplicates-in-an-array.html /blog/2018/11/05/ramda-find-duplicates-in-an-array-of-objects;
/blog/2018/12/29/das-6.-gamedev-gathering.html /blog/2018/12/29/sechster-gamedev-tag.html;
/blog/2019/08/21/ssh-key-fingerprint.html /blog/2019/08/21/fingerprint-eines-ssh-keys-auslesen;
/blog/2018/10/07/found-some-weird-phrases /blog/2018/10/07/found-some-weird-phrases-in-silver;
/movies.html /;
/about.html /contact;
/posts /blog;
/en/legal /contact;
/en/todo.html /blog;
/projects/love2d-base-building-example.html /projects;
/en/projects.html /projects;
/blog/projects.html /projects;
/blog/project/levented.html /projects;
/en/project/levented.html /projects;
/blog/keywords/arbeit.html /blog;
/blog/keywords/lebensereignis.html /blog;
/blog/keywords/component-entity-system.html /blog;
/blog/keywords/gamedev-gathering.html /blog;
/blog/keywords/mobile-emotion.html /blog;
/blog/keywords/life-event.html /blog;
/blog/keywords/android.html /blog;
/blog/keywords/bodensee.html /blog;
/blog/keywords/gamedev.html /blog;
/blog/keywords/christ-elektronik.html /blog;
/blog/keywords/development.html /blog;
/blog/keywords/daemon.html /blog;
/blog/keywords/downloads.html /blog;
/blog/keywords/prototype.html /blog;
/blog/keywords/toolbox.html /blog;
/blog/keywords/tetris.html /blog;
/blog/keywords/ripple.html /blog;
/blog/keywords/joomla.html /blog;
/blog/keywords/camera.html /blog;
/blog/keywords/cmake.html /blog;
/blog/keywords/audio.html /blog;
/blog/keywords/gogs.html /blog;
/blog/keywords/jira.html /blog;
/blog/keywords/html.html /blog;
/blog/keywords/help.html /blog;
/blog/keywords/code.html /blog;
/blog/keywords/app.html /blog;
/blog/keywords/gps.html /blog;
/blog/keywords/fix.html /blog;
/blog/keywords/gog.html /blog;
/blog/keywords/nodejs.html /blog;
/blog/keywords/opencv.html /blog;
/blog/keywords/zoom7.html /blog;
/blog/keywords/silver.html /blog;
/blog/keywords/linux.html /blog;
/blog/keywords/kaitai.html /blog;
/blog/keywords/magic.html /blog;
/blog/keywords/mysql.html /blog;
/blog/keywords/shell.html /blog;
/blog/keywords/ramda.html /blog;
/blog/keywords/job.html /blog;
/blog/keywords/java.html /blog;
/blog/keywords/ssh.html /blog;
/blog/keywords/web.html /blog;
/blog/keywords/rsa.html /blog;
/blog/keywords/imv.html /blog;
